------------------------------------------------------------
TimeQuest Timing Analyzer Summary
------------------------------------------------------------

Type  : Slow 1100mV 85C Model Setup 'clk'
Slack : -3.854
TNS   : -151.418

Type  : Slow 1100mV 85C Model Hold 'clk'
Slack : 1.267
TNS   : 0.000

Type  : Slow 1100mV 85C Model Minimum Pulse Width 'clk'
Slack : -2.225
TNS   : -57.469

Type  : Slow 1100mV 0C Model Setup 'clk'
Slack : -3.973
TNS   : -156.229

Type  : Slow 1100mV 0C Model Hold 'clk'
Slack : 1.274
TNS   : 0.000

Type  : Slow 1100mV 0C Model Minimum Pulse Width 'clk'
Slack : -2.225
TNS   : -58.572

Type  : Fast 1100mV 85C Model Setup 'clk'
Slack : -1.636
TNS   : -62.806

Type  : Fast 1100mV 85C Model Hold 'clk'
Slack : 0.690
TNS   : 0.000

Type  : Fast 1100mV 85C Model Minimum Pulse Width 'clk'
Slack : -1.702
TNS   : -37.342

Type  : Fast 1100mV 0C Model Setup 'clk'
Slack : -1.535
TNS   : -58.880

Type  : Fast 1100mV 0C Model Hold 'clk'
Slack : 0.643
TNS   : 0.000

Type  : Fast 1100mV 0C Model Minimum Pulse Width 'clk'
Slack : -1.702
TNS   : -37.425

------------------------------------------------------------
